// Jest Snapshot v1, https://goo.gl/fbAQLP

exports[`transform attributes 1`] = `
Object {
  "description": "description",
  "title": "title",
}
`;

exports[`transform html 1`] = `
"<h1 id=\\"h1\\"><a href=\\"#h1\\"></a>h1</h1>
<p>this is h1 content</p>
<h2 id=\\"h2\\"><a href=\\"#h2\\"></a>h2</h2>
<p>this is h2 content</p>
<ul>
<li>list1</li>
<li>list2</li>
</ul>
<h3 id=\\"h3\\"><a href=\\"#h3\\"></a>h3</h3>
<p>h3</p>
<h2 id=\\"h2\\"><a href=\\"#h2\\"></a>h2</h2>
<p>h2</p>
<h3 id=\\"h3\\"><a href=\\"#h3\\"></a>h3</h3>
<p>h3</p>
<h1 id=\\"h1\\"><a href=\\"#h1\\"></a>h1</h1>
<p>h1</p>
<h2 id=\\"h2\\"><a href=\\"#h2\\"></a>h2</h2>
<p>h2</p>
"
`;

exports[`transform nestedHeaders 1`] = `
Array [
  Object {
    "children": Array [
      Object {
        "children": Array [
          Object {
            "children": Array [],
            "level": 3,
            "title": "h3",
          },
        ],
        "level": 2,
        "title": "h2",
      },
      Object {
        "children": Array [
          Object {
            "children": Array [],
            "level": 3,
            "title": "h3",
          },
        ],
        "level": 2,
        "title": "h2",
      },
    ],
    "level": 1,
    "title": "h1",
  },
  Object {
    "children": Array [
      Object {
        "children": Array [],
        "level": 2,
        "title": "h2",
      },
    ],
    "level": 1,
    "title": "h1",
  },
]
`;
